 BobbyDataPTR2

 Timestamp is 6696e562 (Tue Jul 16 21:25:54 2024)

 Preferred load address is 0000000140000000

 Start         Length     Name                   Class
 0001:00000000 00003b60H .text$mn                CODE
 0001:00003b60 000000a0H .text$mn$00             CODE
 0001:00003c00 000004b0H .text$mn$21             CODE
 0001:000040b0 00000056H .text$s                 CODE
 0002:00000000 00000120H .idata$5                DATA
 0002:00000120 00000030H .00cfg                  DATA
 0002:00000150 00000020H .gfids                  DATA
 0002:0000016c 00000000H .gfids$y                DATA
 0002:00000170 00000b10H .rdata                  DATA
 0002:00000c80 00000000H .rdata$CastGuardVftablesA DATA
 0002:00000c80 00000000H .rdata$CastGuardVftablesC DATA
 0002:00000c80 000001d0H .rdata$zzzdbg           DATA
 0002:00000e50 00000434H .xdata                  DATA
 0003:00000000 00000080H .data                   DATA
 0003:00000080 00000070H .bss                    DATA
 0004:00000000 0000021cH .pdata                  DATA
 0005:00000000 00000000H INIT                    CODE
 0005:00000000 00000014H .idata$2                CODE
 0005:00000014 00000014H .idata$3                CODE
 0005:00000028 00000120H .idata$4                CODE
 0005:00000148 00000308H .idata$6                CODE

  Address         Publics by Value              Rva+Base               Lib:Object

 0000:00000000       __AbsoluteZero             0000000000000000     <absolute>
 0000:00000000       ___safe_se_handler_count   0000000000000000     <absolute>
 0000:00000000       ___safe_se_handler_table   0000000000000000     <absolute>
 0000:00000000       __arm64x_extra_rfe_table   0000000000000000     <absolute>
 0000:00000000       __arm64x_extra_rfe_table_size 0000000000000000     <absolute>
 0000:00000000       __arm64x_native_entrypoint 0000000000000000     <absolute>
 0000:00000000       __arm64x_redirection_metadata 0000000000000000     <absolute>
 0000:00000000       __arm64x_redirection_metadata_count 0000000000000000     <absolute>
 0000:00000000       __dynamic_value_reloc_table 0000000000000000     <absolute>
 0000:00000000       __enclave_config           0000000000000000     <absolute>
 0000:00000000       __guard_check_icall_a64n_fptr 0000000000000000     <absolute>
 0000:00000000       __guard_eh_cont_count      0000000000000000     <absolute>
 0000:00000000       __guard_eh_cont_table      0000000000000000     <absolute>
 0000:00000000       __guard_iat_count          0000000000000000     <absolute>
 0000:00000000       __guard_iat_table          0000000000000000     <absolute>
 0000:00000000       __guard_longjmp_count      0000000000000000     <absolute>
 0000:00000000       __guard_longjmp_table      0000000000000000     <absolute>
 0000:00000000       __hybrid_auxiliary_delayload_iat 0000000000000000     <absolute>
 0000:00000000       __hybrid_auxiliary_delayload_iat_copy 0000000000000000     <absolute>
 0000:00000000       __hybrid_auxiliary_iat     0000000000000000     <absolute>
 0000:00000000       __hybrid_auxiliary_iat_copy 0000000000000000     <absolute>
 0000:00000000       __hybrid_code_map          0000000000000000     <absolute>
 0000:00000000       __hybrid_code_map_count    0000000000000000     <absolute>
 0000:00000000       __hybrid_image_info_bitfield 0000000000000000     <absolute>
 0000:00000000       __volatile_metadata        0000000000000000     <absolute>
 0000:00000000       __x64_code_ranges_to_entry_points 0000000000000000     <absolute>
 0000:00000000       __x64_code_ranges_to_entry_points_count 0000000000000000     <absolute>
 0000:00000007       __guard_fids_count         0000000000000007     <absolute>
 0000:00014500       __guard_flags              0000000000014500     <absolute>
 0001:00000000       ?DriverEntry@@YAJPEAU_MDL@@PEAU_UNICODE_STRING@@@Z 0000000140001000 f   main.obj
 0001:000005d0       ?HackedPointer@@YA_JKKKK@Z 00000001400015d0 f   main.obj
 0001:00000d34       ?APCUnQueuable@Traditional@@YAIPEAU_KTHREAD@@@Z 0000000140001d34 f   memory.obj
 0001:00000e60       ?GetModuleBasex64PEB@memory@@YA_KPEAU_KPROCESS@@PEBGPEAK@Z 0000000140001e60 f   memory.obj
 0001:00001210       ?GetPEProcessViaName_VersionDependent@Traditional@@YAJPEADPEAPEAU_KPROCESS@@@Z 0000000140002210 f   memory.obj
 0001:000012c0       ?GetPeProcessViaPID@Traditional@@YAPEAU_KPROCESS@@K@Z 00000001400022c0 f   memory.obj
 0001:000013c4       ?GetProcessIDViaZwQuerySystemInformation@VirtualMethods@@YAKU_UNICODE_STRING@@@Z 00000001400023c4 f   memory.obj
 0001:00001584       ?GetSecondPEProcessViaName_VersionDependent@Traditional@@YAJPEADPEAPEAU_KPROCESS@@@Z 0000000140002584 f   memory.obj
 0001:00001650       ?RestoreAPCQueuable@Traditional@@YA_NPEAU_KTHREAD@@I@Z 0000000140002650 f   memory.obj
 0001:00001658       ?get_module_base_with_attatch@memory@@YA_KPEAGPEAU_KPROCESS@@PEAK@Z 0000000140002658 f   memory.obj
 0001:0000179c       ?init_mouse@Traditional@@YAJPEAU_MOUSE_OBJECT@@@Z 000000014000279c f   memory.obj
 0001:000019b0       ?mouse_event@Traditional@@YAXU_MOUSE_OBJECT@@JJG@Z 00000001400029b0 f   memory.obj
 0001:00001a40       ?AllocateVirtualMemory@TextString@@YAPEAX_K@Z 0000000140002a40 f   overlay.obj
 0001:00001a80       ?CreateFontIndirectExW_@TextString@@YAPEAUHFONT__@@PEBUtagENUMLOGFONTEXDVW@@@Z 0000000140002a80 f   overlay.obj
 0001:00001b34       ?CreateFontIndirectW_@TextString@@YAPEAUHFONT__@@PEBUtagLOGFONTW@@@Z 0000000140002b34 f   overlay.obj
 0001:00001c74       ?CreateFontW_@TextString@@YAPEAUHFONT__@@HHHHHKKKKKKKKPEBG@Z 0000000140002c74 f   overlay.obj
 0001:00001d1c       ?FrameRect@overlay@@YAHPEAUHDC__@@PEBUtagRECT@@PEAUHBRUSH__@@H@Z 0000000140002d1c f   overlay.obj
 0001:00001e48       ?FreeVirtualMemory@TextString@@YAXPEAX_K@Z 0000000140002e48 f   overlay.obj
 0001:00001fbc       ?GetHDC@ModularOverlay@@YAPEAUHDC__@@XZ 0000000140002fbc f   overlay.obj
 0001:00001fcc       ?ReleaseHDC@ModularOverlay@@YAHPEAUHDC__@@@Z 0000000140002fcc f   overlay.obj
 0001:00001fe8       ?drawBar@ModularOverlay@@YAHPEAUHDC__@@UBoxInfo@@KKHHH@Z 0000000140002fe8 f   overlay.obj
 0001:0000216c       ?drawBox@ModularOverlay@@YAHPEAUHDC__@@HHHHHHHH@Z 000000014000316c f   overlay.obj
 0001:00002210       ?drawFillBox@ModularOverlay@@YAHPEAUHDC__@@HHHHHHHH@Z 0000000140003210 f   overlay.obj
 0001:000022fc       ?drawText@ModularOverlay@@YAHPEAUHDC__@@PEAGHHH@Z 00000001400032fc f   overlay.obj
 0001:000024cc       ?extTextOutW_@TextString@@YAHPEAUHDC__@@HHIPEAUtagRECT@@PEAGIPEAH@Z 00000001400034cc f   overlay.obj
 0001:000029d8       ?getSystemRoutineAddress@overlay@@YAPEAXPEBG@Z 00000001400039d8 f   overlay.obj
 0001:000029fc       ?get_system_module_export@overlay@@YAPEAXPEBGPEBD@Z 00000001400039fc f   overlay.obj
 0001:00002b0c       ?initOverlay@@YAHXZ        0000000140003b0c f   overlay.obj
 0001:00003304       ?EnchancedReadMemory@@YAJPEAU_KPROCESS@@_KPEAX1PEA_K@Z 0000000140004304 f   physicalMemory.obj
 0001:000033dc       ?EnchancedWriteMemory@@YAJPEAU_KPROCESS@@_KPEAX1PEA_K@Z 00000001400043dc f   physicalMemory.obj
 0001:000034ac       ?TranslateLinearAddress@Utilities@@YA_K_K0@Z 00000001400044ac f   physicalMemory.obj
 0001:00003634       ?WritePhysicalAddress@physical@@YAJ_JPEAX_KPEA_K@Z 0000000140004634 f   physicalMemory.obj
 0001:000036a8       ?FindPattern@process@@YAPEAEPEAXKPEBD1@Z 00000001400046a8 f   process.obj
 0001:0000373c       ?FindPattern@process@@YAPEAEPEAXPEBD1@Z 000000014000473c f   process.obj
 0001:000037d4       ?get_sys_module@process@@YAPEAXPEBD@Z 00000001400047d4 f   process.obj
 0001:000038b4       ?printEx@utilities@@YAXPEBDZZ 00000001400048b4 f   utilities.obj
 0001:00003950       __report_gsfailure         0000000140004950 f   BufferOverflowFastFailK:gs_report.obj
 0001:00003958       __report_rangecheckfailure 0000000140004958 f   BufferOverflowFastFailK:gs_report.obj
 0001:00003960       _guard_check_icall_nop     0000000140004960 f i BufferOverflowFastFailK:guard_check.obj
 0001:00003970       __GSHandlerCheck           0000000140004970 f   ntoskrnl:gshandler.obj
 0001:00003990       __GSHandlerCheckCommon     0000000140004990 f   ntoskrnl:gshandler.obj
 0001:000039f0       strstr                     00000001400049f0 f   ntoskrnl:ntoskrnl.exe
 0001:000039f6       _wcsicmp                   00000001400049f6 f   ntoskrnl:ntoskrnl.exe
 0001:00003a00       wcsncpy                    0000000140004a00 f   ntoskrnl:ntoskrnl.exe
 0001:00003a08       __GSHandlerCheck_SEH       0000000140004a08 f   ntoskrnl:gshandlerseh.obj
 0001:00003a90       _vsnprintf_s               0000000140004a90 f   ntoskrnl:ntoskrnl.exe
 0001:00003aa0       __cpu_features_init        0000000140004aa0 f   ntoskrnl:cpuinfo.obj
 0001:00003b55       __C_specific_handler       0000000140004b55 f   ntoskrnl:ntoskrnl.exe
 0001:00003b70       __security_check_cookie    0000000140004b70 f   BufferOverflowFastFailK:amdsecgs.obj
 0001:00003ba0       _guard_dispatch_icall_nop  0000000140004ba0 f   BufferOverflowFastFailK:guard_dispatch.obj
 0001:00003bc0       _guard_xfg_dispatch_icall_nop 0000000140004bc0 f   BufferOverflowFastFailK:guard_xfg_dispatch.obj
 0001:00003c00       memset                     0000000140004c00 f   ntoskrnl:memset.obj
 0001:00003c00       memset_$fo_default$        0000000140004c00     ntoskrnl:memset.obj
 0001:00003d40       __memset_repmovs           0000000140004d40 f   ntoskrnl:memset.obj
 0001:00003dc0       __memset_query             0000000140004dc0 f   ntoskrnl:memset.obj
 0001:00003e00       memcpy                     0000000140004e00 f   ntoskrnl:memcpy.obj
 0001:00003e00       memmove                    0000000140004e00 f   ntoskrnl:memcpy.obj
 0001:000040b0       ??_C@_1CC@BLEFHADO@?$AA?2?$AAD?$AAr?$AAi?$AAv?$AAe?$AAr?$AA?2?$AAM?$AAo?$AAu?$AAC?$AAl?$AAa?$AAs@FNODOBFM@ 00000001400050b0     memory.obj
 0001:000040e0       ??_C@_1BO@OJMKCPO@?$AA?2?$AAD?$AAr?$AAi?$AAv?$AAe?$AAr?$AA?2?$AAM?$AAo?$AAu?$AAH?$AAI?$AAD@FNODOBFM@ 00000001400050e0     memory.obj
 0001:00004100       ??_C@_05BLHKCLOG@?$FL?$CL?$FN?3?5@FNODOBFM@ 0000000140005100     utilities.obj
 0002:00000000       __imp_RtlInitAnsiString    0000000140006000     ntoskrnl:ntoskrnl.exe
 0002:00000008       __imp_RtlAnsiStringToUnicodeString 0000000140006008     ntoskrnl:ntoskrnl.exe
 0002:00000010       __imp_RtlFreeUnicodeString 0000000140006010     ntoskrnl:ntoskrnl.exe
 0002:00000018       __imp_DbgPrintEx           0000000140006018     ntoskrnl:ntoskrnl.exe
 0002:00000020       __imp_PsGetProcessId       0000000140006020     ntoskrnl:ntoskrnl.exe
 0002:00000028       __imp_PsLookupProcessByProcessId 0000000140006028     ntoskrnl:ntoskrnl.exe
 0002:00000030       __imp_PsGetProcessSectionBaseAddress 0000000140006030     ntoskrnl:ntoskrnl.exe
 0002:00000038       __imp_strstr               0000000140006038     ntoskrnl:ntoskrnl.exe
 0002:00000040       __imp__wcsicmp             0000000140006040     ntoskrnl:ntoskrnl.exe
 0002:00000048       __imp_RtlInitUnicodeString 0000000140006048     ntoskrnl:ntoskrnl.exe
 0002:00000050       __imp_MmGetSystemRoutineAddress 0000000140006050     ntoskrnl:ntoskrnl.exe
 0002:00000058       __imp_RtlEqualUnicodeString 0000000140006058     ntoskrnl:ntoskrnl.exe
 0002:00000060       __imp_KeLowerIrql          0000000140006060     ntoskrnl:ntoskrnl.exe
 0002:00000068       __imp_KfRaiseIrql          0000000140006068     ntoskrnl:ntoskrnl.exe
 0002:00000070       __imp_ExAllocatePoolWithTag 0000000140006070     ntoskrnl:ntoskrnl.exe
 0002:00000078       __imp_ExFreePoolWithTag    0000000140006078     ntoskrnl:ntoskrnl.exe
 0002:00000080       __imp_ObfDereferenceObject 0000000140006080     ntoskrnl:ntoskrnl.exe
 0002:00000088       __imp_MmCopyMemory         0000000140006088     ntoskrnl:ntoskrnl.exe
 0002:00000090       __imp_KeStackAttachProcess 0000000140006090     ntoskrnl:ntoskrnl.exe
 0002:00000098       __imp_KeUnstackDetachProcess 0000000140006098     ntoskrnl:ntoskrnl.exe
 0002:000000a0       __imp_PsGetProcessPeb      00000001400060a0     ntoskrnl:ntoskrnl.exe
 0002:000000a8       __imp_ObReferenceObjectByName 00000001400060a8     ntoskrnl:ntoskrnl.exe
 0002:000000b0       __imp_ZwQuerySystemInformation 00000001400060b0     ntoskrnl:ntoskrnl.exe
 0002:000000b8       __imp_PsInitialSystemProcess 00000001400060b8     ntoskrnl:ntoskrnl.exe
 0002:000000c0       IoDriverObjectType         00000001400060c0     ntoskrnl:ntoskrnl.exe
 0002:000000c0       __imp_IoDriverObjectType   00000001400060c0     ntoskrnl:ntoskrnl.exe
 0002:000000c8       __imp_wcsncpy              00000001400060c8     ntoskrnl:ntoskrnl.exe
 0002:000000d0       __imp_MmIsAddressValid     00000001400060d0     ntoskrnl:ntoskrnl.exe
 0002:000000d8       __imp_ZwAllocateVirtualMemory 00000001400060d8     ntoskrnl:ntoskrnl.exe
 0002:000000e0       __imp_ZwFreeVirtualMemory  00000001400060e0     ntoskrnl:ntoskrnl.exe
 0002:000000e8       __imp_RtlFindExportedRoutineByName 00000001400060e8     ntoskrnl:ntoskrnl.exe
 0002:000000f0       __imp_MmUnmapIoSpace       00000001400060f0     ntoskrnl:ntoskrnl.exe
 0002:000000f8       __imp_MmMapIoSpaceEx       00000001400060f8     ntoskrnl:ntoskrnl.exe
 0002:00000100       __imp_vDbgPrintExWithPrefix 0000000140006100     ntoskrnl:ntoskrnl.exe
 0002:00000108       __imp__vsnprintf_s         0000000140006108     ntoskrnl:ntoskrnl.exe
 0002:00000110       __imp___C_specific_handler 0000000140006110     ntoskrnl:ntoskrnl.exe
 0002:00000118       \177ntoskrnl_NULL_THUNK_DATA 0000000140006118     ntoskrnl:ntoskrnl.exe
 0002:00000120       __guard_check_icall_fptr   0000000140006120     BufferOverflowFastFailK:guard_support.obj
 0002:00000128       __guard_dispatch_icall_fptr 0000000140006128     BufferOverflowFastFailK:guard_support.obj
 0002:00000130       __guard_xfg_check_icall_fptr 0000000140006130     BufferOverflowFastFailK:guard_support.obj
 0002:00000138       __guard_xfg_dispatch_icall_fptr 0000000140006138     BufferOverflowFastFailK:guard_support.obj
 0002:00000140       __guard_xfg_table_dispatch_icall_fptr 0000000140006140     BufferOverflowFastFailK:guard_support.obj
 0002:00000148       __castguard_check_failure_os_handled_fptr 0000000140006148     BufferOverflowFastFailK:guard_support.obj
 0002:00000150       __guard_fids_table         0000000140006150     <linker-defined>
 0002:00000a90       _load_config_used          0000000140006a90     BufferOverflowFastFailK:loadcfg.obj
 0003:00000000       __security_cookie          0000000140008000     BufferOverflowFastFailK:gs_support.obj
 0003:00000040       __isa_info                 0000000140008040     ntoskrnl:cpuinfo.obj
 0003:00000080       ?OriginalPointer@@3P6A_JKKKK@ZEA 0000000140008080     main.obj
 0003:00000088       ?ApiSetGetPenArbitrationType@@3P6A_JKKKK@ZEA 0000000140008088     main.obj
 0003:00000090       ?mouse_obj@@3U_MOUSE_OBJECT@@A 0000000140008090     main.obj
 0003:000000a0       ?GdiSelectBrush@@3P6APEAUHBRUSH__@@PEAUHDC__@@PEAU1@@ZEA 00000001400080a0     overlay.obj
 0003:000000a8       ?NtGdiPatBlt@@3P6AHPEAUHDC__@@HHHHK@ZEA 00000001400080a8     overlay.obj
 0003:000000b0       ?NtUserGetDC@@3P6APEAUHDC__@@PEAUHWND__@@@ZEA 00000001400080b0     overlay.obj
 0003:000000b8       ?NtGdiCreateSolidBrush@@3P6APEAUHBRUSH__@@KPEAU1@@ZEA 00000001400080b8     overlay.obj
 0003:000000c0       ?NtUserReleaseDC@@3P6AHPEAUHDC__@@@ZEA 00000001400080c0     overlay.obj
 0003:000000c8       ?NtGdiDeleteObjectApp@@3P6AHPEAX@ZEA 00000001400080c8     overlay.obj
 0003:000000d0       ?NtGdiSelectBrush@@3P6APEAUHBRUSH__@@PEAUHDC__@@PEAU1@@ZEA 00000001400080d0     overlay.obj
 0003:000000d8       ?NtGdiSelectFont@@3P6APEAUHFONT__@@PEAUHDC__@@PEAU1@@ZEA 00000001400080d8     overlay.obj
 0003:000000e0       ?NtGdiExtTextOutW@@3P6AHPEAUHDC__@@HHIPEAUtagRECT@@PEAGHPEAHK@ZEA 00000001400080e0     overlay.obj
 0003:000000e8       ?NtGdiHfontCreate@@3P6APEAUHFONT__@@PEAUtagENUMLOGFONTEXDVW@@KKKPEAX@ZEA 00000001400080e8     overlay.obj
 0005:00000000       __IMPORT_DESCRIPTOR_ntoskrnl 000000014000a000     ntoskrnl:ntoskrnl.exe
 0005:00000014       __NULL_IMPORT_DESCRIPTOR   000000014000a014     ntoskrnl:ntoskrnl.exe

 entry point at        0001:00000000

 Static symbols

 0002:ffffa000       __guard_fids_?DriverEntry@@YAJPEAU_MDL@@PEAU_UNICODE_STRING@@@Z 0000000140000000     main.obj
 0002:ffffa000       __guard_fids__             0000000140000000     BufferOverflowFastFailK:guard_support.obj
 0002:ffffa000       __guard_fids__             0000000140000000     BufferOverflowFastFailK:guard_support.obj
 0002:ffffa000       __guard_fids__guard_icall_checks_enforced 0000000140000000     BufferOverflowFastFailK:guard_support.obj
 0000:ffff4000       .debug$S                   0000000140000000     ntoskrnl:ntoskrnl.exe
 0000:ffff4000       .debug$S                   0000000140000000     ntoskrnl:ntoskrnl.exe
 0000:ffff4000       .debug$S                   0000000140000000     ntoskrnl:ntoskrnl.exe
 0000:ffff4000       .debug$S                   0000000140000000     ntoskrnl:ntoskrnl.exe
 0000:ffff4000       .debug$S                   0000000140000000     ntoskrnl:ntoskrnl.exe
 0000:ffff4000       .debug$S                   0000000140000000     ntoskrnl:ntoskrnl.exe
 0000:ffff4000       .debug$S                   0000000140000000     ntoskrnl:ntoskrnl.exe
 0000:ffff4000       .debug$S                   0000000140000000     ntoskrnl:ntoskrnl.exe
 0000:ffff4000       .debug$S                   0000000140000000     ntoskrnl:ntoskrnl.exe
 0000:ffff4000       .debug$S                   0000000140000000     ntoskrnl:ntoskrnl.exe
 0000:ffff4000       .debug$S                   0000000140000000     ntoskrnl:ntoskrnl.exe
 0000:ffff4000       .debug$S                   0000000140000000     ntoskrnl:ntoskrnl.exe
 0000:ffff4000       .debug$S                   0000000140000000     ntoskrnl:ntoskrnl.exe
 0000:ffff4000       .debug$S                   0000000140000000     ntoskrnl:ntoskrnl.exe
 0000:ffff4000       .debug$S                   0000000140000000     ntoskrnl:ntoskrnl.exe
 0000:ffff4000       .debug$S                   0000000140000000     ntoskrnl:ntoskrnl.exe
 0000:ffff4000       .debug$S                   0000000140000000     ntoskrnl:ntoskrnl.exe
 0000:ffff4000       .debug$S                   0000000140000000     ntoskrnl:ntoskrnl.exe
 0000:ffff4000       .debug$S                   0000000140000000     ntoskrnl:ntoskrnl.exe
 0000:ffff4000       .debug$S                   0000000140000000     ntoskrnl:ntoskrnl.exe
 0000:ffff4000       .debug$S                   0000000140000000     ntoskrnl:ntoskrnl.exe
 0000:ffff4000       .debug$S                   0000000140000000     ntoskrnl:ntoskrnl.exe
 0000:ffff4000       .debug$S                   0000000140000000     ntoskrnl:ntoskrnl.exe
 0000:ffff4000       .debug$S                   0000000140000000     ntoskrnl:ntoskrnl.exe
 0000:ffff4000       .debug$S                   0000000140000000     ntoskrnl:ntoskrnl.exe
 0000:ffff4000       .debug$S                   0000000140000000     ntoskrnl:ntoskrnl.exe
 0000:ffff4000       .debug$S                   0000000140000000     ntoskrnl:ntoskrnl.exe
 0000:ffff4000       .debug$S                   0000000140000000     ntoskrnl:ntoskrnl.exe
 0000:ffff4000       .debug$S                   0000000140000000     ntoskrnl:ntoskrnl.exe
 0000:ffff4000       .debug$S                   0000000140000000     ntoskrnl:ntoskrnl.exe
 0000:ffff4000       .debug$S                   0000000140000000     ntoskrnl:ntoskrnl.exe
 0000:ffff4000       .debug$S                   0000000140000000     ntoskrnl:ntoskrnl.exe
 0000:ffff4000       .debug$S                   0000000140000000     ntoskrnl:ntoskrnl.exe
 0000:ffff4000       .debug$S                   0000000140000000     ntoskrnl:ntoskrnl.exe
 0000:ffff4000       .debug$S                   0000000140000000     ntoskrnl:ntoskrnl.exe
 0000:ffff4000       .debug$S                   0000000140000000     ntoskrnl:ntoskrnl.exe
 0001:00003b60       $$000000                   0000000140004b60     BufferOverflowFastFailK:amdsecgs.obj
 0001:00003ba0       $$000000                   0000000140004ba0     BufferOverflowFastFailK:guard_dispatch.obj
 0001:00003bc0       $$000000                   0000000140004bc0     BufferOverflowFastFailK:guard_xfg_dispatch.obj
 0001:00003c00       $$000000                   0000000140004c00     ntoskrnl:memset.obj
 0001:00003c22       mset10                     0000000140004c22     ntoskrnl:memset.obj
 0001:00003c38       mset20                     0000000140004c38     ntoskrnl:memset.obj
 0001:00003c61       mset30                     0000000140004c61     ntoskrnl:memset.obj
 0001:00003c90       mset45                     0000000140004c90     ntoskrnl:memset.obj
 0001:00003c96       mset46                     0000000140004c96     ntoskrnl:memset.obj
 0001:00003cc0       mset47                     0000000140004cc0     ntoskrnl:memset.obj
 0001:00003cf0       mset48                     0000000140004cf0     ntoskrnl:memset.obj
 0001:00003d06       mset50                     0000000140004d06     ntoskrnl:memset.obj
 0001:00003d40       $$000000                   0000000140004d40     ntoskrnl:memset.obj
 0001:00003d4a       repmovs10                  0000000140004d4a     ntoskrnl:memset.obj
 0001:00003d7c       repmovs20                  0000000140004d7c     ntoskrnl:memset.obj
 0001:00003dc0       $$000000                   0000000140004dc0     ntoskrnl:memset.obj
 0001:00003e00       $$000000                   0000000140004e00     ntoskrnl:memcpy.obj
 0001:00003e20       mcpy00                     0000000140004e20     ntoskrnl:memcpy.obj
 0001:00003e40       mcpy10                     0000000140004e40     ntoskrnl:memcpy.obj
 0001:00003e5a       mcpy20                     0000000140004e5a     ntoskrnl:memcpy.obj
 0001:00003e60       mcpy30                     0000000140004e60     ntoskrnl:memcpy.obj
 0001:00003e80       xcpy00                     0000000140004e80     ntoskrnl:memcpy.obj
 0001:00003eb1       xcpy10                     0000000140004eb1     ntoskrnl:memcpy.obj
 0001:00003f00       xcpy13                     0000000140004f00     ntoskrnl:memcpy.obj
 0001:00003f2f       xcpy15                     0000000140004f2f     ntoskrnl:memcpy.obj
 0001:00003f51       xcpy20                     0000000140004f51     ntoskrnl:memcpy.obj
 0001:00003f65       xcpy30                     0000000140004f65     ntoskrnl:memcpy.obj
 0001:00003f80       lcpy00                     0000000140004f80     ntoskrnl:memcpy.obj
 0001:00003fc0       lcpy10                     0000000140004fc0     ntoskrnl:memcpy.obj
 0001:00004000       xmov00                     0000000140005000     ntoskrnl:memcpy.obj
 0001:0000402d       xmov10                     000000014000502d     ntoskrnl:memcpy.obj
 0001:00004040       xmov13                     0000000140005040     ntoskrnl:memcpy.obj
 0001:0000406f       xmov15                     000000014000506f     ntoskrnl:memcpy.obj
 0001:00004091       xmov20                     0000000140005091     ntoskrnl:memcpy.obj
 0001:000040a6       xmov30                     00000001400050a6     ntoskrnl:memcpy.obj
 0002:00000170       ?crypted@?1???R<lambda_c83e43a30a501caa4a3c93117f90bd3f>@@QEBA@XZ@4V?$skCrypter@$0BI@$0DD@$0DJ@D@skc@@B 0000000140006170     main.obj
 0002:00000188       ?crypted@?1???R<lambda_9b0666d2c0ecbfdd1f06a95281483678>@@QEBA@XZ@4V?$skCrypter@$0BP@$0DD@$0DJ@D@skc@@B 0000000140006188     main.obj
 0002:000001a8       ?crypted@?1???R<lambda_a72b45c5628d8907e1f397493c8afa05>@@QEBA@XZ@4V?$skCrypter@$0CI@$0DD@$0DJ@D@skc@@B 00000001400061a8     main.obj
 0002:000001d0       ?crypted@?1???R<lambda_14e1944bf479f9a7e2b9c763aa6388af>@@QEBA@XZ@4V?$skCrypter@$0CI@$0DD@$0DJ@D@skc@@B 00000001400061d0     main.obj
 0002:000001f8       ?crypted@?1???R<lambda_61381fc21ae08eb96ee32dec055744ad>@@QEBA@XZ@4V?$skCrypter@$0CN@$0DD@$0DJ@D@skc@@B 00000001400061f8     main.obj
 0002:00000228       ?crypted@?1???R<lambda_ac81cfd56b9a46a6eb7cf77d1392b503>@@QEBA@XZ@4V?$skCrypter@$0L@$0DD@$0DJ@G@skc@@B 0000000140006228     main.obj
 0002:00000240       ?crypted@?1???R<lambda_800abead7cd9563c43ea4676b1ee8336>@@QEBA@XZ@4V?$skCrypter@$0L@$0DD@$0DJ@G@skc@@B 0000000140006240     main.obj
 0002:00000258       ?crypted@?1???R<lambda_cc755922ab65c8b4325265e2a4bbf631>@@QEBA@XZ@4V?$skCrypter@$0DG@$0DD@$0DJ@D@skc@@B 0000000140006258     main.obj
 0002:00000290       ?crypted@?1???R<lambda_435db2a7a5ab13e160a4536889734b0b>@@QEBA@XZ@4V?$skCrypter@$0CE@$0DD@$0DJ@D@skc@@B 0000000140006290     main.obj
 0002:000002b8       ?crypted@?1???R<lambda_13784f25c0c37638633603b430d42b48>@@QEBA@XZ@4V?$skCrypter@$0BA@$0DD@$0DJ@D@skc@@B 00000001400062b8     main.obj
 0002:000002c8       ?crypted@?1???R<lambda_126a2ba078a3101c9997650027baf2e3>@@QEBA@XZ@4V?$skCrypter@$0BD@$0DD@$0DJ@D@skc@@B 00000001400062c8     main.obj
 0002:000002e0       ?crypted@?1???R<lambda_148b543634a50a630502f19164660073>@@QEBA@XZ@4V?$skCrypter@$0BD@$0DD@$0DJ@D@skc@@B 00000001400062e0     main.obj
 0002:000002f8       ?crypted@?1???R<lambda_6dca53f5de922d513c981aab4c527fea>@@QEBA@XZ@4V?$skCrypter@$0BD@$0DD@$0DJ@D@skc@@B 00000001400062f8     main.obj
 0002:00000310       ?crypted@?1???R<lambda_e64a851697ebfb6cf8ccab824710df40>@@QEBA@XZ@4V?$skCrypter@$0BD@$0DD@$0DJ@D@skc@@B 0000000140006310     main.obj
 0002:00000328       ?crypted@?1???R<lambda_7b95eb1fcca3d0d104d01c8e7b759638>@@QEBA@XZ@4V?$skCrypter@$0BD@$0DD@$0DJ@D@skc@@B 0000000140006328     main.obj
 0002:00000340       ?crypted@?1???R<lambda_5443c499bfd12406fd7a5c4273bb08d7>@@QEBA@XZ@4V?$skCrypter@$0BD@$0DD@$0DJ@D@skc@@B 0000000140006340     main.obj
 0002:00000358       ?crypted@?1???R<lambda_b50ec7235d4e8c28ea676e66e63a3765>@@QEBA@XZ@4V?$skCrypter@$0BE@$0DD@$0DJ@D@skc@@B 0000000140006358     main.obj
 0002:00000370       ?crypted@?1???R<lambda_3b42cb0bd0f328a1d958ac395f2ce8b4>@@QEBA@XZ@4V?$skCrypter@$0BK@$0DD@$0DJ@D@skc@@B 0000000140006370     main.obj
 0002:00000390       ?crypted@?1???R<lambda_ec1bf508ebf6aa00a0d8c6313855e7fd>@@QEBA@XZ@4V?$skCrypter@$0BP@$0DD@$0DJ@D@skc@@B 0000000140006390     main.obj
 0002:000003b0       ?crypted@?1???R<lambda_31241b4293c705b2d86f6fd7149647c1>@@QEBA@XZ@4V?$skCrypter@$0BM@$0DD@$0DJ@D@skc@@B 00000001400063b0     main.obj
 0002:000003d0       ?crypted@?1???R<lambda_a9e481a1f910a0c7db24814eac2b93ac>@@QEBA@XZ@4V?$skCrypter@$0BL@$0DD@$0DJ@D@skc@@B 00000001400063d0     main.obj
 0002:000003f0       ?crypted@?1???R<lambda_22506bdab7977b6e4b44b3e70a8ebf8b>@@QEBA@XZ@4V?$skCrypter@$0BJ@$0DD@$0DJ@G@skc@@B 00000001400063f0     memory.obj
 0002:00000428       ?crypted@?1???R<lambda_9a754f12dbe8aadbb456cdf50d8b69be>@@QEBA@XZ@4V?$skCrypter@$0BK@$0DD@$0DJ@D@skc@@B 0000000140006428     memory.obj
 0002:00000448       ?crypted@?1???R<lambda_ce3ae12f1b2c0712528a82d14bf3bd65>@@QEBA@XZ@4V?$skCrypter@$0BK@$0DD@$0DJ@D@skc@@B 0000000140006448     memory.obj
 0002:00000468       ?crypted@?1???R<lambda_0b609f0bb1f38b9fe97f3d98c0597613>@@QEBA@XZ@4V?$skCrypter@$0CD@$0DD@$0DJ@D@skc@@B 0000000140006468     memory.obj
 0002:00000490       ?crypted@?1???R<lambda_36e5737e24e987003fed5b07f842bc4c>@@QEBA@XZ@4V?$skCrypter@$0CH@$0DD@$0DJ@D@skc@@B 0000000140006490     memory.obj
 0002:000004b8       ?crypted@?1???R<lambda_953a32089f1e2c8372fad2d820259058>@@QEBA@XZ@4V?$skCrypter@$04$0DD@$0DJ@D@skc@@B 00000001400064b8     memory.obj
 0002:000004c0       ?crypted@?1???R<lambda_b48c7c0bc46269ac787cfb37d2cdea0a>@@QEBA@XZ@4V?$skCrypter@$04$0DD@$0DJ@D@skc@@B 00000001400064c0     memory.obj
 0002:000004c8       ?crypted@?1???R<lambda_6a694ff2e69945d05fb05d8f62af5e1e>@@QEBA@XZ@4V?$skCrypter@$04$0DD@$0DJ@D@skc@@B 00000001400064c8     memory.obj
 0002:000004d0       ?crypted@?1???R<lambda_d02d86072f9516deef4e41a4623d1651>@@QEBA@XZ@4V?$skCrypter@$0CI@$0DD@$0DJ@D@skc@@B 00000001400064d0     memory.obj
 0002:000004f8       ?crypted@?1???R<lambda_7be8385563d4f9fd8079fc1ab64a1184>@@QEBA@XZ@4V?$skCrypter@$0BB@$0DD@$0DJ@D@skc@@B 00000001400064f8     memory.obj
 0002:00000510       ?crypted@?1???R<lambda_faa1e7ff71a61378f97bb3aed668f9b1>@@QEBA@XZ@4V?$skCrypter@$0BL@$0DD@$0DJ@D@skc@@B 0000000140006510     memory.obj
 0002:00000530       ?crypted@?1???R<lambda_b38680449a22988f68da7d702e1b0859>@@QEBA@XZ@4V?$skCrypter@$0BK@$0DD@$0DJ@D@skc@@B 0000000140006530     memory.obj
 0002:00000550       ?crypted@?1???R<lambda_49534cfeb38f2b04d39ff453fc56bbe4>@@QEBA@XZ@4V?$skCrypter@$0BE@$0DD@$0DJ@D@skc@@B 0000000140006550     memory.obj
 0002:00000568       ?crypted@?1???R<lambda_13d03a0fac0c8968d87f0a871ec9088f>@@QEBA@XZ@4V?$skCrypter@$0P@$0DD@$0DJ@G@skc@@B 0000000140006568     overlay.obj
 0002:00000588       ?crypted@?1???R<lambda_1ec266a18b1acd2292777620f1627c7f>@@QEBA@XZ@4V?$skCrypter@$0BB@$0DD@$0DJ@D@skc@@B 0000000140006588     overlay.obj
 0002:000005a0       ?crypted@?1???R<lambda_caef7204cac3b68d05b9e69811e15261>@@QEBA@XZ@4V?$skCrypter@$0P@$0DD@$0DJ@G@skc@@B 00000001400065a0     overlay.obj
 0002:000005c0       ?crypted@?1???R<lambda_cbb4603c3a691ca10a3a61753aeb53d6>@@QEBA@XZ@4V?$skCrypter@$0BG@$0DD@$0DJ@D@skc@@B 00000001400065c0     overlay.obj
 0002:000005d8       ?crypted@?1???R<lambda_437a768745a99d078de925f730d7c9af>@@QEBA@XZ@4V?$skCrypter@$0P@$0DD@$0DJ@G@skc@@B 00000001400065d8     overlay.obj
 0002:000005f8       ?crypted@?1???R<lambda_06ee7eae66026975de82d4dd5cd83e7b>@@QEBA@XZ@4V?$skCrypter@$0M@$0DD@$0DJ@D@skc@@B 00000001400065f8     overlay.obj
 0002:00000608       ?crypted@?1???R<lambda_b76fedd618155d101819dd8663653754>@@QEBA@XZ@4V?$skCrypter@$0P@$0DD@$0DJ@G@skc@@B 0000000140006608     overlay.obj
 0002:00000628       ?crypted@?1???R<lambda_d26d064067931e8bf3628a822b439f7c>@@QEBA@XZ@4V?$skCrypter@$0M@$0DD@$0DJ@D@skc@@B 0000000140006628     overlay.obj
 0002:00000638       ?crypted@?1???R<lambda_8c958fa1e79c5de192bbaa651e2ec47d>@@QEBA@XZ@4V?$skCrypter@$0P@$0DD@$0DJ@G@skc@@B 0000000140006638     overlay.obj
 0002:00000658       ?crypted@?1???R<lambda_9148d727b32985be8827cc838d0e471d>@@QEBA@XZ@4V?$skCrypter@$0BA@$0DD@$0DJ@D@skc@@B 0000000140006658     overlay.obj
 0002:00000668       ?crypted@?1???R<lambda_23250dd2364ed25dee5cd9673e7c41a7>@@QEBA@XZ@4V?$skCrypter@$0P@$0DD@$0DJ@G@skc@@B 0000000140006668     overlay.obj
 0002:00000688       ?crypted@?1???R<lambda_8650af74bfb7a1becf2fc3e6a64d5755>@@QEBA@XZ@4V?$skCrypter@$0BF@$0DD@$0DJ@D@skc@@B 0000000140006688     overlay.obj
 0002:000006a0       ?crypted@?1???R<lambda_40bf19a0284792c42c93d193ca3bfa85>@@QEBA@XZ@4V?$skCrypter@$0P@$0DD@$0DJ@G@skc@@B 00000001400066a0     overlay.obj
 0002:000006c0       ?crypted@?1???R<lambda_6eba425fb6ba9a77bcdf0b5dbf297cda>@@QEBA@XZ@4V?$skCrypter@$0P@$0DD@$0DJ@D@skc@@B 00000001400066c0     overlay.obj
 0002:000006d0       ?crypted@?1???R<lambda_1bad5f92764537e6c4acc18a2590fdc4>@@QEBA@XZ@4V?$skCrypter@$0P@$0DD@$0DJ@G@skc@@B 00000001400066d0     overlay.obj
 0002:000006f0       ?crypted@?1???R<lambda_4c2cd31feb2e244c19b3e4444a16bbdf>@@QEBA@XZ@4V?$skCrypter@$0BA@$0DD@$0DJ@D@skc@@B 00000001400066f0     overlay.obj
 0002:00000700       ?crypted@?1???R<lambda_270eb2a84f20b70488dd2ecbce36ed5e>@@QEBA@XZ@4V?$skCrypter@$0P@$0DD@$0DJ@G@skc@@B 0000000140006700     overlay.obj
 0002:00000720       ?crypted@?1???R<lambda_b3c57e70c63562e59b267f9ab3e99677>@@QEBA@XZ@4V?$skCrypter@$0BB@$0DD@$0DJ@D@skc@@B 0000000140006720     overlay.obj
 0002:00000738       ?crypted@?1???R<lambda_458c762fc8731263e7bc5af075879a93>@@QEBA@XZ@4V?$skCrypter@$0P@$0DD@$0DJ@G@skc@@B 0000000140006738     overlay.obj
 0002:00000758       ?crypted@?1???R<lambda_9e9110c53b462a5e1e31181823ea3dbc>@@QEBA@XZ@4V?$skCrypter@$0M@$0DD@$0DJ@D@skc@@B 0000000140006758     overlay.obj
 0002:00000768       ?crypted@?1???R<lambda_e5fdde931941900fb3327ad1a5b057a6>@@QEBA@XZ@4V?$skCrypter@$0BD@$0DD@$0DJ@G@skc@@B 0000000140006768     overlay.obj
 0002:00000790       ?crypted@?1???R<lambda_4932fe50665e5767e1b3c4d710f496a4>@@QEBA@XZ@4V?$skCrypter@$05$0DD@$0DJ@G@skc@@B 0000000140006790     overlay.obj
 0002:000007a0       ?crypted@?1???R<lambda_3843cac2dda92d8d292f77e0f26a21e3>@@QEBA@XZ@4V?$skCrypter@$0CM@$0DD@$0DJ@D@skc@@B 00000001400067a0     overlay.obj
 0002:000007d0       ?crypted@?1???R<lambda_fc001c1037676fe01d67b2e192726771>@@QEBA@XZ@4V?$skCrypter@$0CI@$0DD@$0DJ@D@skc@@B 00000001400067d0     overlay.obj
 0002:00000800       ?crypted@?1???R<lambda_5a9ccb6d096f37f3b9a42e7aa953d296>@@QEBA@XZ@4V?$skCrypter@$0FD@$0DD@$0DJ@D@skc@@B 0000000140006800     overlay.obj
 0002:00000860       ?crypted@?1???R<lambda_28c83c1c423e1913ca89ec45cd57768d>@@QEBA@XZ@4V?$skCrypter@$0FK@$0DD@$0DJ@D@skc@@B 0000000140006860     overlay.obj
 0002:000008c0       ?crypted@?1???R<lambda_3372eb8fc724199a7589ecb69eb562b7>@@QEBA@XZ@4V?$skCrypter@$0EO@$0DD@$0DJ@D@skc@@B 00000001400068c0     overlay.obj
 0002:00000910       ?crypted@?1???R<lambda_32f383f9fc70eba47173b71b44de8544>@@QEBA@XZ@4V?$skCrypter@$0FC@$0DD@$0DJ@D@skc@@B 0000000140006910     overlay.obj
 0002:00000970       ?crypted@?1???R<lambda_8e4a9c1bb0b093ab0adc8498c68fc3d3>@@QEBA@XZ@4V?$skCrypter@$0FC@$0DD@$0DJ@D@skc@@B 0000000140006970     overlay.obj
 0002:000009d0       ?crypted@?1???R<lambda_4c5e165344046d31a925eb58d5b3d75a>@@QEBA@XZ@4V?$skCrypter@$0FK@$0DD@$0DJ@D@skc@@B 00000001400069d0     overlay.obj
 0002:00000a30       ?crypted@?1???R<lambda_e7912ecc559d65a62123eaee9b9344c9>@@QEBA@XZ@4V?$skCrypter@$0FI@$0DD@$0DJ@D@skc@@B 0000000140006a30     overlay.obj
 0002:00000e50       $unwind$?HackedPointer@@YA_JKKKK@Z 0000000140006e50     main.obj
 0002:00000e74       $unwind$?DriverEntry@@YAJPEAU_MDL@@PEAU_UNICODE_STRING@@@Z 0000000140006e74     main.obj
 0002:00000ea0       $unwind$?GetProcessIDViaZwQuerySystemInformation@VirtualMethods@@YAKU_UNICODE_STRING@@@Z 0000000140006ea0     memory.obj
 0002:00000ec4       $unwind$?get_module_base_with_attatch@memory@@YA_KPEAGPEAU_KPROCESS@@PEAK@Z 0000000140006ec4     memory.obj
 0002:00000ee4       $unwind$?GetModuleBasex64PEB@memory@@YA_KPEAU_KPROCESS@@PEBGPEAK@Z 0000000140006ee4     memory.obj
 0002:00000f08       $unwind$?GetPeProcessViaPID@Traditional@@YAPEAU_KPROCESS@@K@Z 0000000140006f08     memory.obj
 0002:00000f20       $unwind$?GetPEProcessViaName_VersionDependent@Traditional@@YAJPEADPEAPEAU_KPROCESS@@@Z 0000000140006f20     memory.obj
 0002:00000f3c       $unwind$?GetSecondPEProcessViaName_VersionDependent@Traditional@@YAJPEADPEAPEAU_KPROCESS@@@Z 0000000140006f3c     memory.obj
 0002:00000f5c       $unwind$?APCUnQueuable@Traditional@@YAIPEAU_KTHREAD@@@Z 0000000140006f5c     memory.obj
 0002:00000f78       $unwind$?init_mouse@Traditional@@YAJPEAU_MOUSE_OBJECT@@@Z 0000000140006f78     memory.obj
 0002:00000f9c       $unwind$?mouse_event@Traditional@@YAXU_MOUSE_OBJECT@@JJG@Z 0000000140006f9c     memory.obj
 0002:00000fb4       $unwind$?getSystemRoutineAddress@overlay@@YAPEAXPEBG@Z 0000000140006fb4     overlay.obj
 0002:00000fc0       $unwind$?get_system_module_export@overlay@@YAPEAXPEBGPEBD@Z 0000000140006fc0     overlay.obj
 0002:00000fe0       $unwind$?extTextOutW_@TextString@@YAHPEAUHDC__@@HHIPEAUtagRECT@@PEAGIPEAH@Z 0000000140006fe0     overlay.obj
 0002:00001028       $unwind$?CreateFontW_@TextString@@YAPEAUHFONT__@@HHHHHKKKKKKKKPEBG@Z 0000000140007028     overlay.obj
 0002:00001040       $unwind$?initOverlay@@YAHXZ 0000000140007040     overlay.obj
 0002:00001064       $unwind$?FrameRect@overlay@@YAHPEAUHDC__@@PEBUtagRECT@@PEAUHBRUSH__@@H@Z 0000000140007064     overlay.obj
 0002:00001080       $unwind$?drawBox@ModularOverlay@@YAHPEAUHDC__@@HHHHHHHH@Z 0000000140007080     overlay.obj
 0002:00001090       $unwind$?drawFillBox@ModularOverlay@@YAHPEAUHDC__@@HHHHHHHH@Z 0000000140007090     overlay.obj
 0002:000010a8       $unwind$?drawBar@ModularOverlay@@YAHPEAUHDC__@@UBoxInfo@@KKHHH@Z 00000001400070a8     overlay.obj
 0002:000010c4       $unwind$?drawText@ModularOverlay@@YAHPEAUHDC__@@PEAGHHH@Z 00000001400070c4     overlay.obj
 0002:000010e8       $unwind$?ReleaseHDC@ModularOverlay@@YAHPEAUHDC__@@@Z 00000001400070e8     overlay.obj
 0002:000010f4       $unwind$?CreateFontIndirectExW_@TextString@@YAPEAUHFONT__@@PEBUtagENUMLOGFONTEXDVW@@@Z 00000001400070f4     overlay.obj
 0002:00001108       $unwind$?CreateFontIndirectW_@TextString@@YAPEAUHFONT__@@PEBUtagLOGFONTW@@@Z 0000000140007108     overlay.obj
 0002:00001124       $unwind$?AllocateVirtualMemory@TextString@@YAPEAX_K@Z 0000000140007124     overlay.obj
 0002:00001130       $unwind$?FreeVirtualMemory@TextString@@YAXPEAX_K@Z 0000000140007130     overlay.obj
 0002:0000114c       $unwind$?WritePhysicalAddress@physical@@YAJ_JPEAX_KPEA_K@Z 000000014000714c     physicalMemory.obj
 0002:00001164       $unwind$?TranslateLinearAddress@Utilities@@YA_K_K0@Z 0000000140007164     physicalMemory.obj
 0002:0000117c       $unwind$?EnchancedReadMemory@@YAJPEAU_KPROCESS@@_KPEAX1PEA_K@Z 000000014000717c     physicalMemory.obj
 0002:00001198       $unwind$?EnchancedWriteMemory@@YAJPEAU_KPROCESS@@_KPEAX1PEA_K@Z 0000000140007198     physicalMemory.obj
 0002:000011b4       $unwind$?get_sys_module@process@@YAPEAXPEBD@Z 00000001400071b4     process.obj
 0002:000011c8       $unwind$?FindPattern@process@@YAPEAEPEAXKPEBD1@Z 00000001400071c8     process.obj
 0002:000011e4       $unwind$?FindPattern@process@@YAPEAEPEAXPEBD1@Z 00000001400071e4     process.obj
 0002:00001200       $unwind$?printEx@utilities@@YAXPEBDZZ 0000000140007200     utilities.obj
 0002:00001218       $xdatasym                  0000000140007218     BufferOverflowFastFailK:amdsecgs.obj
 0002:00001220       $xdatasym$_guard_dispatch_icall_nop 0000000140007220     BufferOverflowFastFailK:guard_dispatch.obj
 0002:00001220       $xdatasym$_guard_xfg_dispatch_icall_nop 0000000140007220     BufferOverflowFastFailK:guard_xfg_dispatch.obj
 0002:00001220       $xdatasym$memcpy           0000000140007220     ntoskrnl:memcpy.obj
 0002:00001220       $xdatasym$memset           0000000140007220     ntoskrnl:memset.obj
 0002:00001228       $unwind$__GSHandlerCheck   0000000140007228     ntoskrnl:gshandler.obj
 0002:00001228       $unwind$__GSHandlerCheckCommon 0000000140007228     ntoskrnl:gshandler.obj
 0002:00001238       $xdatasym$__memset_repmovs 0000000140007238     ntoskrnl:memset.obj
 0002:00001248       $xdatasym$__memset_query   0000000140007248     ntoskrnl:memset.obj
 0002:0000125c       $unwind$__GSHandlerCheck_SEH 000000014000725c     ntoskrnl:gshandlerseh.obj
 0002:00001278       $unwind$__cpu_features_init 0000000140007278     ntoskrnl:cpuinfo.obj
 0005:0000042a       .idata$6                   000000014000a42a     ntoskrnl:ntoskrnl.exe
